##### npm run lint #####

> dashclaw-platform@4.2.0 lint
> eslint .

EXIT=0 :: npm run lint

##### npm run docs:check #####

> dashclaw-platform@4.2.0 docs:check
> node scripts/validate-docs.mjs

docs validation passed
EXIT=0 :: npm run docs:check

##### npm run contracts:check #####

> dashclaw-platform@4.2.0 contracts:check
> node scripts/check-contracts.mjs

contracts check passed
EXIT=0 :: npm run contracts:check

##### npm run openapi:check #####

> dashclaw-platform@4.2.0 openapi:check
> node scripts/check-openapi-diff.mjs

OpenAPI artifact is up to date: docs\openapi\critical-stable.openapi.json
EXIT=0 :: npm run openapi:check

##### npm run api:inventory:check #####

> dashclaw-platform@4.2.0 api:inventory:check
> node scripts/check-api-inventory-diff.mjs

API inventory artifacts are up to date.
EXIT=0 :: npm run api:inventory:check

##### npm run route-sql:check #####

> dashclaw-platform@4.2.0 route-sql:check
> node scripts/check-route-sql-guard.mjs

Route SQL guard passed: no direct SQL usage increases (current total 83, baseline total 83).
EXIT=0 :: npm run route-sql:check

##### npm run version:sync:check #####

> dashclaw-platform@4.2.0 version:sync:check
> node scripts/check-version-sync.mjs

OK platform + SDK versions are in sync: 4.2.0
EXIT=0 :: npm run version:sync:check

##### npm run version:check #####

> dashclaw-platform@4.2.0 version:check
> node scripts/check-version-hardcodes.mjs

OK no hardcoded version drift found (canonical: 4.2.0, 2.14.1, 1.0.3)
EXIT=0 :: npm run version:check

##### npm run scripts:check-syntax #####

> dashclaw-platform@4.2.0 scripts:check-syntax
> node scripts/check-scripts-syntax.mjs

Script syntax check passed (134 files).
EXIT=0 :: npm run scripts:check-syntax

##### npm run startup:smoke #####

> dashclaw-platform@4.2.0 startup:smoke
> node scripts/startup-smoke.mjs

node:internal/child_process:441
    throw new ErrnoException(err, 'spawn');
          ^

Error: spawn EINVAL
    at ChildProcess.spawn (node:internal/child_process:441:11)
    at spawn (node:child_process:796:9)
    at main (file:///C:/Projects/DashClaw/scripts/startup-smoke.mjs:44:17)
    at file:///C:/Projects/DashClaw/scripts/startup-smoke.mjs:107:7
    at ModuleJob.run (node:internal/modules/esm/module_job:437:25)
    at async node:internal/modules/esm/loader:639:26
    at async asyncRunEntryPointWithESMLoader (node:internal/modules/run_main:101:5) {
  errno: -4071,
  code: 'EINVAL',
  syscall: 'spawn'
}

Node.js v24.15.0
EXIT=1 :: npm run startup:smoke

