##### npm run sdk:integration #####

> dashclaw-platform@4.2.0 sdk:integration
> node scripts/check-sdk-cross-integration.mjs


╔══ DashClaw Approval Required ═════════════════════════╗
  Action ID:   act_1
  Agent:       agent-1
  Action:      unknown
  Policy:      require_approval
  Risk Score:  -
  Goal:        -

  Replay:      https://example.test/replay/act_1

  Waiting for approval... (Ctrl+C to abort)
╚════════════════════════════════════════════════════╝

Node SDK critical contract harness passed (5 cases).
EXIT=0 :: npm run sdk:integration

##### npm run sdk:integration:python #####

> dashclaw-platform@4.2.0 sdk:integration:python
> node scripts/run-python-unittest.mjs

C:\Projects\DashClaw\sdk-python\dashclaw\client.py:1013: DeprecationWarning: record_assumption is deprecated; use register_assumption
  return self.record_assumption(assumption)
..........................................................C:\Projects\DashClaw\sdk-python\tests\test_sdk_v2_surface.py:282: DeprecationWarning: record_assumption is deprecated; use register_assumption
  client.record_assumption(assumption)
............................C:\Projects\DashClaw\sdk-python\tests\test_ws5_m4_integration.py:63: DeprecationWarning: record_assumption is deprecated; use register_assumption
  ("record_assumption", lambda: client.record_assumption({"action_id": "act_1", "assumption": "Database is reachable"})),
.ssss..
----------------------------------------------------------------------
Ran 93 tests in 0.026s

OK (skipped=4)
[DashClaw] Action act_1 approved by operator: operator
[DashClaw] Action act_1 approved by operator: operator
EXIT=0 :: npm run sdk:integration:python

##### npm run test:api #####

> dashclaw-platform@4.2.0 test:api
> node scripts/test-full-api.mjs


🧪 DashClaw Full API Test Suite
   Target: http://localhost:3000
   API Key: (set)


❌ Cannot reach http://localhost:3000 — is the dev server running?
   Run: npm run dev

EXIT=1 :: npm run test:api

