##### npm run lint #####

> dashclaw-platform@4.2.0 lint
> eslint .

EXIT=0 :: npm run lint
##### npm run openapi:check #####

> dashclaw-platform@4.2.0 openapi:check
> node scripts/check-openapi-diff.mjs

OpenAPI artifact is up to date: docs\openapi\critical-stable.openapi.json
EXIT=0 :: npm run openapi:check
##### npm run api:inventory:check #####

> dashclaw-platform@4.2.0 api:inventory:check
> node scripts/check-api-inventory-diff.mjs

API inventory artifacts are up to date.
EXIT=0 :: npm run api:inventory:check
##### npm run route-sql:check #####

> dashclaw-platform@4.2.0 route-sql:check
> node scripts/check-route-sql-guard.mjs

Route SQL guard passed: no direct SQL usage increases (current total 83, baseline total 83).
EXIT=0 :: npm run route-sql:check
##### npm run version:sync:check #####

> dashclaw-platform@4.2.0 version:sync:check
> node scripts/check-version-sync.mjs

OK platform + SDK versions are in sync: 4.2.0
EXIT=0 :: npm run version:sync:check
