app/api/x402/purchases/route.ts(178,11): error TS2322: Type 'Nullable<string>' is not assignable to type 'string'.
  Type 'null' is not assignable to type 'string'.
app/api/x402/purchases/route.ts(178,30): error TS2322: Type 'unknown' is not assignable to type 'string | null | undefined'.
app/api/x402/purchases/route.ts(179,11): error TS2322: Type 'unknown' is not assignable to type 'string | null | undefined'.
app/api/x402/purchases/route.ts(179,26): error TS2322: Type 'unknown' is not assignable to type 'string | null | undefined'.
app/api/x402/purchases/route.ts(179,37): error TS2322: Type 'unknown' is not assignable to type 'string | null | undefined'.
app/api/x402/purchases/route.ts(181,9): error TS2322: Type '{ reasons: string[]; warnings: string[]; predictive_risk?: { total_adjustment?: number; } | undefined; recovery?: {} | undefined; risk_score: number; agent_risk_score: number | null; verification_status: string; ... 10 more ...; matched_policies: string[]; }' is not assignable to type 'GuardDecision'.
  Types of property 'reason' are incompatible.
    Type 'string | null' is not assignable to type 'string | undefined'.
      Type 'null' is not assignable to type 'string | undefined'.
app/api/x402/purchases/route.ts(193,9): error TS2322: Type 'Nullable<string>' is not assignable to type 'string'.
  Type 'null' is not assignable to type 'string'.
app/api/x402/purchases/route.ts(194,9): error TS2322: Type 'unknown' is not assignable to type 'string | null | undefined'.
app/api/x402/purchases/route.ts(196,9): error TS2322: Type 'unknown' is not assignable to type 'string | null | undefined'.
app/api/x402/purchases/route.ts(197,9): error TS2322: Type 'unknown' is not assignable to type 'string | null | undefined'.
app/api/x402/purchases/route.ts(198,9): error TS2322: Type 'unknown' is not assignable to type 'string | null | undefined'.
app/api/x402/purchases/route.ts(202,7): error TS2322: Type 'number | undefined' is not assignable to type 'number'.
  Type 'undefined' is not assignable to type 'number'.
app/lib/guard.ts(296,41): error TS2769: No overload matches this call.
  Overload 1 of 2, '(predicate: (value: Record<string, unknown>, index: number, obj: Record<string, unknown>[]) => value is Record<string, unknown>, thisArg?: any): Record<string, unknown> | undefined', gave the following error.
    Argument of type '(s: { key: string; value: string; }) => boolean' is not assignable to parameter of type '(value: Record<string, unknown>, index: number, obj: Record<string, unknown>[]) => value is Record<string, unknown>'.
      Types of parameters 's' and 'value' are incompatible.
        Type 'Record<string, unknown>' is missing the following properties from type '{ key: string; value: string; }': key, value
  Overload 2 of 2, '(predicate: (value: Record<string, unknown>, index: number, obj: Record<string, unknown>[]) => unknown, thisArg?: any): Record<string, unknown> | undefined', gave the following error.
    Argument of type '(s: { key: string; value: string; }) => boolean' is not assignable to parameter of type '(value: Record<string, unknown>, index: number, obj: Record<string, unknown>[]) => unknown'.
      Types of parameters 's' and 'value' are incompatible.
        Type 'Record<string, unknown>' is missing the following properties from type '{ key: string; value: string; }': key, value
app/lib/guard.ts(297,34): error TS2345: Argument of type 'unknown' is not assignable to parameter of type 'string'.
app/lib/guard.ts(297,52): error TS2769: No overload matches this call.
  Overload 1 of 2, '(predicate: (value: Record<string, unknown>, index: number, obj: Record<string, unknown>[]) => value is Record<string, unknown>, thisArg?: any): Record<string, unknown> | undefined', gave the following error.
    Argument of type '(s: { key: string; value: string; }) => boolean' is not assignable to parameter of type '(value: Record<string, unknown>, index: number, obj: Record<string, unknown>[]) => value is Record<string, unknown>'.
      Types of parameters 's' and 'value' are incompatible.
        Type 'Record<string, unknown>' is missing the following properties from type '{ key: string; value: string; }': key, value
  Overload 2 of 2, '(predicate: (value: Record<string, unknown>, index: number, obj: Record<string, unknown>[]) => unknown, thisArg?: any): Record<string, unknown> | undefined', gave the following error.
    Argument of type '(s: { key: string; value: string; }) => boolean' is not assignable to parameter of type '(value: Record<string, unknown>, index: number, obj: Record<string, unknown>[]) => unknown'.
      Types of parameters 's' and 'value' are incompatible.
        Type 'Record<string, unknown>' is missing the following properties from type '{ key: string; value: string; }': key, value
app/lib/repositories/code-sessions.repository.ts(170,5): error TS2345: Argument of type 'unknown' is not assignable to parameter of type 'BillingPricingEntry[] | null | undefined'.
app/lib/repositories/code-sessions.repository.ts(177,5): error TS2345: Argument of type 'unknown' is not assignable to parameter of type 'BillingPricingEntry[] | null | undefined'.
app/lib/repositories/code-sessions.repository.ts(338,5): error TS2345: Argument of type 'unknown' is not assignable to parameter of type 'BillingPricingEntry[] | null | undefined'.
app/lib/repositories/finops.repository.ts(21,24): error TS2345: Argument of type 'SqlTag' is not assignable to parameter of type 'SqlClient'.
  Types of property 'query' are incompatible.
    Type '((text: string, params?: unknown[] | undefined) => Promise<Record<string, unknown>[]>) | undefined' is not assignable to type '(text: string, params?: unknown[] | undefined) => Promise<Row[]>'.
      Type 'undefined' is not assignable to type '(text: string, params?: unknown[] | undefined) => Promise<Row[]>'.
app/lib/repositories/finops.repository.ts(24,27): error TS2365: Operator '+' cannot be applied to types '{}' and 'number'.
app/lib/repositories/finops.repository.ts(25,35): error TS2322: Type 'CostAggregationResult' is not assignable to type 'AgentSpendAggregation'.
  Types of property 'total_cost_usd' are incompatible.
    Type 'unknown' is not assignable to type 'number'.
