app/activity/page.tsx(46,3): error TS2322: Type 'ForwardRefExoticComponent<Omit<LucideProps, "ref"> & RefAttributes<SVGSVGElement>>' is not assignable to type 'ComponentType<{ size?: number | undefined; className?: string | undefined; 'aria-hidden'?: boolean | "true" | "false" | undefined; }>'.
  Type 'ForwardRefExoticComponent<Omit<LucideProps, "ref"> & RefAttributes<SVGSVGElement>>' is not assignable to type 'FunctionComponent<{ size?: number | undefined; className?: string | undefined; 'aria-hidden'?: boolean | "true" | "false" | undefined; }>'.
    Types of property 'propTypes' are incompatible.
      Type 'WeakValidationMap<Omit<LucideProps, "ref"> & RefAttributes<SVGSVGElement>> | undefined' is not assignable to type 'WeakValidationMap<{ size?: number | undefined; className?: string | undefined; 'aria-hidden'?: boolean | "true" | "false" | undefined; }> | undefined'.
        Type 'WeakValidationMap<Omit<LucideProps, "ref"> & RefAttributes<SVGSVGElement>>' is not assignable to type 'WeakValidationMap<{ size?: number | undefined; className?: string | undefined; 'aria-hidden'?: boolean | "true" | "false" | undefined; }>'.
          Types of property 'size' are incompatible.
            Type 'Validator<string | number | null | undefined> | undefined' is not assignable to type 'Validator<number | null | undefined> | undefined'.
              Type 'Validator<string | number | null | undefined>' is not assignable to type 'Validator<number | null | undefined>'.
                Type 'string | number | null | undefined' is not assignable to type 'number | null | undefined'.
                  Type 'string' is not assignable to type 'number'.
app/activity/page.tsx(47,3): error TS2322: Type 'ForwardRefExoticComponent<Omit<LucideProps, "ref"> & RefAttributes<SVGSVGElement>>' is not assignable to type 'ComponentType<{ size?: number | undefined; className?: string | undefined; 'aria-hidden'?: boolean | "true" | "false" | undefined; }>'.
  Type 'ForwardRefExoticComponent<Omit<LucideProps, "ref"> & RefAttributes<SVGSVGElement>>' is not assignable to type 'FunctionComponent<{ size?: number | undefined; className?: string | undefined; 'aria-hidden'?: boolean | "true" | "false" | undefined; }>'.
    Types of property 'propTypes' are incompatible.
      Type 'WeakValidationMap<Omit<LucideProps, "ref"> & RefAttributes<SVGSVGElement>> | undefined' is not assignable to type 'WeakValidationMap<{ size?: number | undefined; className?: string | undefined; 'aria-hidden'?: boolean | "true" | "false" | undefined; }> | undefined'.
        Type 'WeakValidationMap<Omit<LucideProps, "ref"> & RefAttributes<SVGSVGElement>>' is not assignable to type 'WeakValidationMap<{ size?: number | undefined; className?: string | undefined; 'aria-hidden'?: boolean | "true" | "false" | undefined; }>'.
          Types of property 'size' are incompatible.
            Type 'Validator<string | number | null | undefined> | undefined' is not assignable to type 'Validator<number | null | undefined> | undefined'.
              Type 'Validator<string | number | null | undefined>' is not assignable to type 'Validator<number | null | undefined>'.
                Type 'string | number | null | undefined' is not assignable to type 'number | null | undefined'.
                  Type 'string' is not assignable to type 'number'.
app/activity/page.tsx(48,3): error TS2322: Type 'ForwardRefExoticComponent<Omit<LucideProps, "ref"> & RefAttributes<SVGSVGElement>>' is not assignable to type 'ComponentType<{ size?: number | undefined; className?: string | undefined; 'aria-hidden'?: boolean | "true" | "false" | undefined; }>'.
  Type 'ForwardRefExoticComponent<Omit<LucideProps, "ref"> & RefAttributes<SVGSVGElement>>' is not assignable to type 'FunctionComponent<{ size?: number | undefined; className?: string | undefined; 'aria-hidden'?: boolean | "true" | "false" | undefined; }>'.
    Types of property 'propTypes' are incompatible.
      Type 'WeakValidationMap<Omit<LucideProps, "ref"> & RefAttributes<SVGSVGElement>> | undefined' is not assignable to type 'WeakValidationMap<{ size?: number | undefined; className?: string | undefined; 'aria-hidden'?: boolean | "true" | "false" | undefined; }> | undefined'.
        Type 'WeakValidationMap<Omit<LucideProps, "ref"> & RefAttributes<SVGSVGElement>>' is not assignable to type 'WeakValidationMap<{ size?: number | undefined; className?: string | undefined; 'aria-hidden'?: boolean | "true" | "false" | undefined; }>'.
          Types of property 'size' are incompatible.
            Type 'Validator<string | number | null | undefined> | undefined' is not assignable to type 'Validator<number | null | undefined> | undefined'.
              Type 'Validator<string | number | null | undefined>' is not assignable to type 'Validator<number | null | undefined>'.
                Type 'string | number | null | undefined' is not assignable to type 'number | null | undefined'.
                  Type 'string' is not assignable to type 'number'.
app/activity/page.tsx(49,3): error TS2322: Type 'ForwardRefExoticComponent<Omit<LucideProps, "ref"> & RefAttributes<SVGSVGElement>>' is not assignable to type 'ComponentType<{ size?: number | undefined; className?: string | undefined; 'aria-hidden'?: boolean | "true" | "false" | undefined; }>'.
  Type 'ForwardRefExoticComponent<Omit<LucideProps, "ref"> & RefAttributes<SVGSVGElement>>' is not assignable to type 'FunctionComponent<{ size?: number | undefined; className?: string | undefined; 'aria-hidden'?: boolean | "true" | "false" | undefined; }>'.
    Types of property 'propTypes' are incompatible.
      Type 'WeakValidationMap<Omit<LucideProps, "ref"> & RefAttributes<SVGSVGElement>> | undefined' is not assignable to type 'WeakValidationMap<{ size?: number | undefined; className?: string | undefined; 'aria-hidden'?: boolean | "true" | "false" | undefined; }> | undefined'.
        Type 'WeakValidationMap<Omit<LucideProps, "ref"> & RefAttributes<SVGSVGElement>>' is not assignable to type 'WeakValidationMap<{ size?: number | undefined; className?: string | undefined; 'aria-hidden'?: boolean | "true" | "false" | undefined; }>'.
          Types of property 'size' are incompatible.
            Type 'Validator<string | number | null | undefined> | undefined' is not assignable to type 'Validator<number | null | undefined> | undefined'.
              Type 'Validator<string | number | null | undefined>' is not assignable to type 'Validator<number | null | undefined>'.
                Type 'string | number | null | undefined' is not assignable to type 'number | null | undefined'.
                  Type 'string' is not assignable to type 'number'.
app/activity/page.tsx(344,6): error TS2741: Property 'actions' is missing in type '{ children: Element; title: string; subtitle: string; breadcrumbs: string[]; maturity: string; }' but required in type '{ title: any; subtitle: any; breadcrumbs: any; actions: any; maturity: any; children: any; }'.
app/activity/page.tsx(456,18): error TS2741: Property 'action' is missing in type '{ icon: ForwardRefExoticComponent<Omit<LucideProps, "ref"> & RefAttributes<SVGSVGElement>>; title: string; description: string; }' but required in type '{ icon: any; title: any; description: any; action: any; }'.
app/activity/page.tsx(541,6): error TS2739: Type '{ children: Element; title: string; breadcrumbs: string[]; maturity: string; }' is missing the following properties from type '{ title: any; subtitle: any; breadcrumbs: any; actions: any; maturity: any; children: any; }': subtitle, actions
app/agents/registry/page.tsx(216,33): error TS2741: Property 'action' is missing in type '{ icon: ForwardRefExoticComponent<Omit<LucideProps, "ref"> & RefAttributes<SVGSVGElement>>; title: string; description: string; }' but required in type '{ icon: any; title: any; description: any; action: any; }'.
app/approvals/page.tsx(116,19): error TS2322: Type 'ForwardRefExoticComponent<Omit<LucideProps, "ref"> & RefAttributes<SVGSVGElement>>' is not assignable to type 'ComponentType<{ size?: number | undefined; className?: string | undefined; }>'.
  Type 'ForwardRefExoticComponent<Omit<LucideProps, "ref"> & RefAttributes<SVGSVGElement>>' is not assignable to type 'FunctionComponent<{ size?: number | undefined; className?: string | undefined; }>'.
    Types of property 'propTypes' are incompatible.
      Type 'WeakValidationMap<Omit<LucideProps, "ref"> & RefAttributes<SVGSVGElement>> | undefined' is not assignable to type 'WeakValidationMap<{ size?: number | undefined; className?: string | undefined; }> | undefined'.
        Type 'WeakValidationMap<Omit<LucideProps, "ref"> & RefAttributes<SVGSVGElement>>' is not assignable to type 'WeakValidationMap<{ size?: number | undefined; className?: string | undefined; }>'.
          Types of property 'size' are incompatible.
            Type 'Validator<string | number | null | undefined> | undefined' is not assignable to type 'Validator<number | null | undefined> | undefined'.
              Type 'Validator<string | number | null | undefined>' is not assignable to type 'Validator<number | null | undefined>'.
                Type 'string | number | null | undefined' is not assignable to type 'number | null | undefined'.
                  Type 'string' is not assignable to type 'number'.
app/approvals/page.tsx(121,19): error TS2322: Type 'ForwardRefExoticComponent<Omit<LucideProps, "ref"> & RefAttributes<SVGSVGElement>>' is not assignable to type 'ComponentType<{ size?: number | undefined; className?: string | undefined; }>'.
  Type 'ForwardRefExoticComponent<Omit<LucideProps, "ref"> & RefAttributes<SVGSVGElement>>' is not assignable to type 'FunctionComponent<{ size?: number | undefined; className?: string | undefined; }>'.
    Types of property 'propTypes' are incompatible.
      Type 'WeakValidationMap<Omit<LucideProps, "ref"> & RefAttributes<SVGSVGElement>> | undefined' is not assignable to type 'WeakValidationMap<{ size?: number | undefined; className?: string | undefined; }> | undefined'.
        Type 'WeakValidationMap<Omit<LucideProps, "ref"> & RefAttributes<SVGSVGElement>>' is not assignable to type 'WeakValidationMap<{ size?: number | undefined; className?: string | undefined; }>'.
          Types of property 'size' are incompatible.
            Type 'Validator<string | number | null | undefined> | undefined' is not assignable to type 'Validator<number | null | undefined> | undefined'.
              Type 'Validator<string | number | null | undefined>' is not assignable to type 'Validator<number | null | undefined>'.
                Type 'string | number | null | undefined' is not assignable to type 'number | null | undefined'.
                  Type 'string' is not assignable to type 'number'.
app/approvals/page.tsx(128,14): error TS2741: Property 'action' is missing in type '{ icon: ForwardRefExoticComponent<Omit<LucideProps, "ref"> & RefAttributes<SVGSVGElement>>; title: string; description: string; }' but required in type '{ icon: any; title: any; description: any; action: any; }'.
app/capabilities/[capabilityId]/components/CapabilityAccessTab.tsx(223,90): error TS18048: 'pill' is possibly 'undefined'.
app/capabilities/[capabilityId]/components/CapabilityAccessTab.tsx(224,20): error TS18048: 'pill' is possibly 'undefined'.
app/capabilities/[capabilityId]/components/CapabilityFactsCard.tsx(39,8): error TS2739: Type '{ title: string; }' is missing the following properties from type '{ title: any; icon: any; action: any; count: any; children: any; }': icon, action, count, children
app/capabilities/[capabilityId]/components/CapabilityHealthCards.tsx(53,14): error TS2739: Type '{ title: string; }' is missing the following properties from type '{ title: any; icon: any; action: any; count: any; children: any; }': icon, action, count, children
app/capabilities/[capabilityId]/components/CapabilityHealthCards.tsx(64,10): error TS2739: Type '{ title: string; }' is missing the following properties from type '{ title: any; icon: any; action: any; count: any; children: any; }': icon, action, count, children
app/capabilities/[capabilityId]/components/CapabilityHistoryTable.tsx(51,8): error TS2739: Type '{ title: string; count: number; }' is missing the following properties from type '{ title: any; icon: any; action: any; count: any; children: any; }': icon, action, children
app/capabilities/[capabilityId]/components/CapabilityInvokePanel.tsx(217,8): error TS2739: Type '{ title: string; }' is missing the following properties from type '{ title: any; icon: any; action: any; count: any; children: any; }': icon, action, count, children
app/capabilities/[capabilityId]/components/CapabilityStatusHero.tsx(34,8): error TS2739: Type '{ title: string; icon: ForwardRefExoticComponent<Omit<LucideProps, "ref"> & RefAttributes<SVGSVGElement>>; action: Element; }' is missing the following properties from type '{ title: any; icon: any; action: any; count: any; children: any; }': count, children
app/capabilities/[capabilityId]/components/CapabilityTestPanel.tsx(87,8): error TS2739: Type '{ title: string; }' is missing the following properties from type '{ title: any; icon: any; action: any; count: any; children: any; }': icon, action, count, children
app/capabilities/[capabilityId]/edit/page.tsx(207,8): error TS2741: Property 'actions' is missing in type '{ children: Element; title: string; subtitle: string; breadcrumbs: string[]; maturity: string; }' but required in type '{ title: any; subtitle: any; breadcrumbs: any; actions: any; maturity: any; children: any; }'.
app/capabilities/[capabilityId]/edit/page.tsx(220,8): error TS2741: Property 'actions' is missing in type '{ children: Element[]; title: string; subtitle: string; breadcrumbs: string[]; maturity: string; }' but required in type '{ title: any; subtitle: any; breadcrumbs: any; actions: any; maturity: any; children: any; }'.
app/capabilities/[capabilityId]/edit/page.tsx(255,12): error TS2739: Type '{ title: string; icon: ForwardRefExoticComponent<Omit<LucideProps, "ref"> & RefAttributes<SVGSVGElement>>; }' is missing the following properties from type '{ title: any; icon: any; action: any; count: any; children: any; }': action, count, children
app/capabilities/[capabilityId]/edit/page.tsx(259,40): error TS2740: Type 'Record<string, any>' is missing the following properties from type 'CapabilityBasicsForm': name, description, category, source_type, and 5 more.
app/capabilities/[capabilityId]/edit/page.tsx(263,19): error TS2739: Type 'Record<string, any>' is missing the following properties from type 'CapabilityRuntime': endpoint, method, timeout_ms, auth, inputFields
app/capabilities/[capabilityId]/edit/page.tsx(281,17): error TS2739: Type 'Record<string, any>' is missing the following properties from type '{ [key: string]: any; name?: string | undefined; source_type: string; risk_level: string; requires_approval: boolean; }': source_type, risk_level, requires_approval
app/capabilities/[capabilityId]/page.tsx(210,6): error TS2741: Property 'actions' is missing in type '{ children: Element; title: any; subtitle: string; breadcrumbs: any[]; maturity: string; }' but required in type '{ title: any; subtitle: any; breadcrumbs: any; actions: any; maturity: any; children: any; }'.
app/capabilities/new/page.tsx(174,12): error TS2739: Type '{ title: string; icon: ForwardRefExoticComponent<Omit<LucideProps, "ref"> & RefAttributes<SVGSVGElement>>; }' is missing the following properties from type '{ title: any; icon: any; action: any; count: any; children: any; }': action, count, children
app/capabilities/new/page.tsx(178,40): error TS2740: Type 'Record<string, any>' is missing the following properties from type 'CapabilityBasicsForm': name, description, category, source_type, and 5 more.
app/capabilities/new/page.tsx(182,19): error TS2739: Type 'Record<string, any>' is missing the following properties from type 'CapabilityRuntime': endpoint, method, timeout_ms, auth, inputFields
app/capabilities/new/page.tsx(200,17): error TS2739: Type 'Record<string, any>' is missing the following properties from type '{ [key: string]: any; name?: string | undefined; source_type: string; risk_level: string; requires_approval: boolean; }': source_type, risk_level, requires_approval
app/code-sessions/[projectId]/[sessionId]/OptimalFilesPanel.tsx(101,30): error TS2532: Object is possibly 'undefined'.
app/code-sessions/[projectId]/[sessionId]/OptimalFilesPanel.tsx(101,43): error TS2322: Type 'string | undefined' is not assignable to type 'string'.
  Type 'undefined' is not assignable to type 'string'.
app/compliance/exports/page.tsx(227,8): error TS2739: Type '{ children: Element; title: string; subtitle: string; }' is missing the following properties from type '{ title: any; subtitle: any; breadcrumbs: any; actions: any; maturity: any; children: any; }': breadcrumbs, actions, maturity
app/compliance/exports/page.tsx(245,6): error TS2741: Property 'maturity' is missing in type '{ children: Element; title: string; subtitle: string; breadcrumbs: string[]; actions: Element; }' but required in type '{ title: any; subtitle: any; breadcrumbs: any; actions: any; maturity: any; children: any; }'.
app/compliance/exports/page.tsx(459,12): error TS2739: Type '{ title: string; icon: ForwardRefExoticComponent<Omit<LucideProps, "ref"> & RefAttributes<SVGSVGElement>>; count: number; }' is missing the following properties from type '{ title: any; icon: any; action: any; count: any; children: any; }': action, children
app/compliance/exports/page.tsx(462,16): error TS2741: Property 'action' is missing in type '{ icon: ForwardRefExoticComponent<Omit<LucideProps, "ref"> & RefAttributes<SVGSVGElement>>; title: string; description: string; }' but required in type '{ icon: any; title: any; description: any; action: any; }'.
app/compliance/exports/page.tsx(467,38): error TS18048: 'statusConf' is possibly 'undefined'.
app/compliance/exports/page.tsx(476,43): error TS18048: 'statusConf' is possibly 'undefined'.
app/compliance/exports/page.tsx(476,72): error TS18048: 'statusConf' is possibly 'undefined'.
app/compliance/exports/page.tsx(541,14): error TS2739: Type '{ title: string; icon: ForwardRefExoticComponent<Omit<LucideProps, "ref"> & RefAttributes<SVGSVGElement>>; count: number; }' is missing the following properties from type '{ title: any; icon: any; action: any; count: any; children: any; }': action, children
app/compliance/exports/page.tsx(632,14): error TS2739: Type '{ title: string; }' is missing the following properties from type '{ title: any; icon: any; action: any; count: any; children: any; }': icon, action, count, children
app/compliance/page.tsx(198,6): error TS2741: Property 'maturity' is missing in type '{ children: any[]; title: string; subtitle: string; breadcrumbs: string[]; actions: Element; }' but required in type '{ title: any; subtitle: any; breadcrumbs: any; actions: any; maturity: any; children: any; }'.
app/compliance/page.tsx(307,18): error TS2741: Property 'action' is missing in type '{ icon: ForwardRefExoticComponent<Omit<LucideProps, "ref"> & RefAttributes<SVGSVGElement>>; title: string; description: string; }' but required in type '{ icon: any; title: any; description: any; action: any; }'.
app/compliance/page.tsx(315,18): error TS2741: Property 'action' is missing in type '{ icon: ForwardRefExoticComponent<Omit<LucideProps, "ref"> & RefAttributes<SVGSVGElement>>; title: string; description: string; }' but required in type '{ icon: any; title: any; description: any; action: any; }'.
app/components/SecurityScanners.tsx(86,8): error TS2739: Type '{ title: Element; }' is missing the following properties from type '{ title: any; icon: any; action: any; count: any; children: any; }': icon, action, count, children
app/components/SkillScanner.tsx(164,8): error TS2739: Type '{ title: Element; }' is missing the following properties from type '{ title: any; icon: any; action: any; count: any; children: any; }': icon, action, count, children
app/components/VerifyReceiptPanel.tsx(57,8): error TS2739: Type '{ title: Element; }' is missing the following properties from type '{ title: any; icon: any; action: any; count: any; children: any; }': icon, action, count, children
app/knowledge/[collectionId]/page.tsx(139,8): error TS2739: Type '{ children: Element; title: string; breadcrumbs: string[]; }' is missing the following properties from type '{ title: any; subtitle: any; breadcrumbs: any; actions: any; maturity: any; children: any; }': subtitle, actions, maturity
app/knowledge/[collectionId]/page.tsx(147,8): error TS2739: Type '{ children: Element; title: string; breadcrumbs: string[]; }' is missing the following properties from type '{ title: any; subtitle: any; breadcrumbs: any; actions: any; maturity: any; children: any; }': subtitle, actions, maturity
app/knowledge/[collectionId]/page.tsx(206,12): error TS2739: Type '{ title: string; icon: ForwardRefExoticComponent<Omit<LucideProps, "ref"> & RefAttributes<SVGSVGElement>>; }' is missing the following properties from type '{ title: any; icon: any; action: any; count: any; children: any; }': action, count, children
app/knowledge/[collectionId]/page.tsx(307,10): error TS2739: Type '{ title: string; icon: ForwardRefExoticComponent<Omit<LucideProps, "ref"> & RefAttributes<SVGSVGElement>>; }' is missing the following properties from type '{ title: any; icon: any; action: any; count: any; children: any; }': action, count, children
app/knowledge/[collectionId]/page.tsx(337,10): error TS2739: Type '{ title: string; icon: ForwardRefExoticComponent<Omit<LucideProps, "ref"> & RefAttributes<SVGSVGElement>>; count: number; }' is missing the following properties from type '{ title: any; icon: any; action: any; count: any; children: any; }': action, children
app/knowledge/[collectionId]/page.tsx(378,10): error TS2739: Type '{ title: string; icon: ForwardRefExoticComponent<Omit<LucideProps, "ref"> & RefAttributes<SVGSVGElement>>; }' is missing the following properties from type '{ title: any; icon: any; action: any; count: any; children: any; }': action, count, children
app/messages/_components/ThreadConversation.tsx(140,34): error TS2345: Argument of type 'string | undefined' is not assignable to parameter of type 'string | PromiseLike<string>'.
  Type 'undefined' is not assignable to type 'string | PromiseLike<string>'.
app/messages/_components/ThreadConversation.tsx(297,39): error TS7053: Element implicitly has an 'any' type because expression of type 'any' can't be used to index type '{ action: string; info: string; lesson: string; question: string; status: string; }'.
app/mission-control/components/OperationsFeedItem.tsx(53,84): error TS18048: 'pill' is possibly 'undefined'.
app/mission-control/components/OperationsFeedItem.tsx(54,14): error TS18048: 'pill' is possibly 'undefined'.
app/model-strategies/[strategyId]/page.tsx(145,8): error TS2739: Type '{ children: Element; title: string; breadcrumbs: string[]; }' is missing the following properties from type '{ title: any; subtitle: any; breadcrumbs: any; actions: any; maturity: any; children: any; }': subtitle, actions, maturity
app/model-strategies/[strategyId]/page.tsx(153,8): error TS2739: Type '{ children: Element; title: string; breadcrumbs: string[]; }' is missing the following properties from type '{ title: any; subtitle: any; breadcrumbs: any; actions: any; maturity: any; children: any; }': subtitle, actions, maturity
app/model-strategies/[strategyId]/page.tsx(202,12): error TS2739: Type '{ title: string; icon: ForwardRefExoticComponent<Omit<LucideProps, "ref"> & RefAttributes<SVGSVGElement>>; }' is missing the following properties from type '{ title: any; icon: any; action: any; count: any; children: any; }': action, count, children
app/model-strategies/[strategyId]/page.tsx(218,12): error TS2739: Type '{ title: string; icon: ForwardRefExoticComponent<Omit<LucideProps, "ref"> & RefAttributes<SVGSVGElement>>; }' is missing the following properties from type '{ title: any; icon: any; action: any; count: any; children: any; }': action, count, children
app/model-strategies/[strategyId]/page.tsx(228,12): error TS2739: Type '{ title: string; icon: ForwardRefExoticComponent<Omit<LucideProps, "ref"> & RefAttributes<SVGSVGElement>>; }' is missing the following properties from type '{ title: any; icon: any; action: any; count: any; children: any; }': action, count, children
app/model-strategies/components/ModelStrategyAdvancedSection.tsx(139,56): error TS2345: Argument of type '"model_strategies"' is not assignable to parameter of type 'null | undefined'.
app/model-strategies/components/ModelStrategyAdvancedSection.tsx(154,50): error TS2345: Argument of type '"model_strategies"' is not assignable to parameter of type 'null | undefined'.
app/model-strategies/components/ModelStrategyExecutionSection.tsx(120,54): error TS2345: Argument of type '"model_strategies"' is not assignable to parameter of type 'null | undefined'.
app/model-strategies/components/ModelStrategyExecutionSection.tsx(131,60): error TS2345: Argument of type '"model_strategies"' is not assignable to parameter of type 'null | undefined'.
app/model-strategies/components/ModelStrategyExecutionSection.tsx(157,69): error TS2345: Argument of type '"model_strategies"' is not assignable to parameter of type 'null | undefined'.
app/model-strategies/new/page.tsx(104,12): error TS2739: Type '{ title: string; icon: ForwardRefExoticComponent<Omit<LucideProps, "ref"> & RefAttributes<SVGSVGElement>>; }' is missing the following properties from type '{ title: any; icon: any; action: any; count: any; children: any; }': action, count, children
app/model-strategies/new/page.tsx(116,12): error TS2739: Type '{ title: string; icon: ForwardRefExoticComponent<Omit<LucideProps, "ref"> & RefAttributes<SVGSVGElement>>; }' is missing the following properties from type '{ title: any; icon: any; action: any; count: any; children: any; }': action, count, children
app/model-strategies/new/page.tsx(126,12): error TS2739: Type '{ title: string; icon: ForwardRefExoticComponent<Omit<LucideProps, "ref"> & RefAttributes<SVGSVGElement>>; }' is missing the following properties from type '{ title: any; icon: any; action: any; count: any; children: any; }': action, count, children
app/policies/components/CustomTab.tsx(363,101): error TS2532: Object is possibly 'undefined'.
app/policies/components/CustomTab.tsx(369,65): error TS2532: Object is possibly 'undefined'.
app/policies/components/CustomTab.tsx(802,14): error TS2741: Property 'action' is missing in type '{ icon: ForwardRefExoticComponent<Omit<LucideProps, "ref"> & RefAttributes<SVGSVGElement>>; title: string; description: string; }' but required in type '{ icon: any; title: any; description: any; action: any; }'.
app/policies/page.tsx(49,6): error TS2741: Property 'actions' is missing in type '{ children: (false | Element)[]; title: string; subtitle: string; breadcrumbs: string[]; maturity: string; }' but required in type '{ title: any; subtitle: any; breadcrumbs: any; actions: any; maturity: any; children: any; }'.
app/policy-coach/page.tsx(225,6): error TS2741: Property 'actions' is missing in type '{ children: any[]; title: string; subtitle: string; breadcrumbs: string[]; maturity: string; }' but required in type '{ title: any; subtitle: any; breadcrumbs: any; actions: any; maturity: any; children: any; }'.
app/policy-coach/page.tsx(301,14): error TS2741: Property 'action' is missing in type '{ icon: ForwardRefExoticComponent<Omit<LucideProps, "ref"> & RefAttributes<SVGSVGElement>>; title: string; description: string; }' but required in type '{ icon: any; title: any; description: any; action: any; }'.
app/policy-coach/page.tsx(313,16): error TS2739: Type '{ title: string; icon: ForwardRefExoticComponent<Omit<LucideProps, "ref"> & RefAttributes<SVGSVGElement>>; count: number; }' is missing the following properties from type '{ title: any; icon: any; action: any; count: any; children: any; }': action, children
app/policy-coach/page.tsx(316,20): error TS2741: Property 'action' is missing in type '{ icon: ForwardRefExoticComponent<Omit<LucideProps, "ref"> & RefAttributes<SVGSVGElement>>; title: string; description: string; }' but required in type '{ icon: any; title: any; description: any; action: any; }'.
app/policy-coach/page.tsx(346,16): error TS2739: Type '{ title: string; icon: ForwardRefExoticComponent<Omit<LucideProps, "ref"> & RefAttributes<SVGSVGElement>>; count: number; }' is missing the following properties from type '{ title: any; icon: any; action: any; count: any; children: any; }': action, children
app/scoring/page.tsx(429,6): error TS2739: Type '{ children: (false | Element)[]; title: string; subtitle: string; maturity: string; }' is missing the following properties from type '{ title: any; subtitle: any; breadcrumbs: any; actions: any; maturity: any; children: any; }': breadcrumbs, actions
app/scoring/page.tsx(488,21): error TS2322: Type '{ name: string; id?: string; data_source?: string | undefined; weight?: number | undefined; scale?: any[]; data_config?: Record<string, any>; }' is not assignable to type 'ScoringDimension'.
  Types of property 'data_source' are incompatible.
    Type 'string | undefined' is not assignable to type 'string'.
      Type 'undefined' is not assignable to type 'string'.
app/scoring/page.tsx(493,21): error TS2322: Type '{ data_source: string; id?: string; name?: string | undefined; weight?: number | undefined; scale?: any[]; data_config?: Record<string, any>; }' is not assignable to type 'ScoringDimension'.
  Types of property 'name' are incompatible.
    Type 'string | undefined' is not assignable to type 'string'.
      Type 'undefined' is not assignable to type 'string'.
app/scoring/page.tsx(503,25): error TS2322: Type '{ weight: number; id?: string; name?: string | undefined; data_source?: string | undefined; scale?: any[]; data_config?: Record<string, any>; }' is not assignable to type 'ScoringDimension'.
  Types of property 'name' are incompatible.
    Type 'string | undefined' is not assignable to type 'string'.
      Type 'undefined' is not assignable to type 'string'.
app/scoring/page.tsx(530,14): error TS2739: Type '{ title: string; description: string; }' is missing the following properties from type '{ icon: any; title: any; description: any; action: any; }': icon, action
app/scoring/page.tsx(626,80): error TS2345: Argument of type 'ScoringDimension | undefined' is not assignable to parameter of type 'ScoringDimension'.
  Type 'undefined' is not assignable to type 'ScoringDimension'.
app/scoring/page.tsx(678,36): error TS2739: Type '{ title: string; description: string; }' is missing the following properties from type '{ icon: any; title: any; description: any; action: any; }': icon, action
app/scoring/page.tsx(760,19): error TS2322: Type '{ condition: string; add?: number | undefined; }' is not assignable to type 'RiskRule'.
  Types of property 'add' are incompatible.
    Type 'number | undefined' is not assignable to type 'number'.
      Type 'undefined' is not assignable to type 'number'.
app/scoring/page.tsx(767,19): error TS2322: Type '{ add: number; condition?: string | undefined; }' is not assignable to type 'RiskRule'.
  Types of property 'condition' are incompatible.
    Type 'string | undefined' is not assignable to type 'string'.
      Type 'undefined' is not assignable to type 'string'.
app/scoring/page.tsx(783,43): error TS2739: Type '{ title: string; description: string; }' is missing the following properties from type '{ icon: any; title: any; description: any; action: any; }': icon, action
app/secrets/page.tsx(190,6): error TS2741: Property 'maturity' is missing in type '{ children: (false | "" | Element | null)[]; breadcrumbs: string[]; title: string; subtitle: string; actions: false | Element; }' but required in type '{ title: any; subtitle: any; breadcrumbs: any; actions: any; maturity: any; children: any; }'.
app/sessions/[sessionId]/page.tsx(109,8): error TS2739: Type '{ children: Element; title: string; subtitle: string; breadcrumbs: string[]; }' is missing the following properties from type '{ title: any; subtitle: any; breadcrumbs: any; actions: any; maturity: any; children: any; }': actions, maturity
app/sessions/[sessionId]/page.tsx(125,8): error TS2739: Type '{ children: Element; title: string; subtitle: string; breadcrumbs: string[]; }' is missing the following properties from type '{ title: any; subtitle: any; breadcrumbs: any; actions: any; maturity: any; children: any; }': actions, maturity
app/sessions/[sessionId]/page.tsx(287,83): error TS2532: Object is possibly 'undefined'.
app/settings/components/ProofPanel.tsx(62,10): error TS18048: 'counts.warn' is possibly 'undefined'.
app/settings/components/ProofPanel.tsx(67,10): error TS18048: 'counts.info' is possibly 'undefined'.
app/spend/x402/page.tsx(29,6): error TS2741: Property 'actions' is missing in type '{ children: Element; title: string; subtitle: string; breadcrumbs: string[]; maturity: string; }' but required in type '{ title: any; subtitle: any; breadcrumbs: any; actions: any; maturity: any; children: any; }'.
app/workflows/[templateId]/page.tsx(185,8): error TS2739: Type '{ children: Element; title: string; breadcrumbs: string[]; }' is missing the following properties from type '{ title: any; subtitle: any; breadcrumbs: any; actions: any; maturity: any; children: any; }': subtitle, actions, maturity
app/workflows/[templateId]/page.tsx(193,8): error TS2739: Type '{ children: Element; title: string; breadcrumbs: string[]; }' is missing the following properties from type '{ title: any; subtitle: any; breadcrumbs: any; actions: any; maturity: any; children: any; }': subtitle, actions, maturity
app/workflows/[templateId]/page.tsx(409,12): error TS2739: Type '{ title: string; icon: ForwardRefExoticComponent<Omit<LucideProps, "ref"> & RefAttributes<SVGSVGElement>>; }' is missing the following properties from type '{ title: any; icon: any; action: any; count: any; children: any; }': action, count, children
app/workflows/[templateId]/page.tsx(454,12): error TS2739: Type '{ title: string; icon: ForwardRefExoticComponent<Omit<LucideProps, "ref"> & RefAttributes<SVGSVGElement>>; }' is missing the following properties from type '{ title: any; icon: any; action: any; count: any; children: any; }': action, count, children
app/workflows/[templateId]/runs/[runActionId]/components/WorkflowRunHeader.tsx(44,83): error TS18048: 'badge' is possibly 'undefined'.
app/workflows/[templateId]/runs/[runActionId]/components/WorkflowRunHeader.tsx(45,14): error TS18048: 'badge' is possibly 'undefined'.
app/workflows/[templateId]/runs/[runActionId]/components/WorkflowRunStepCard.tsx(77,16): error TS18048: 'config' is possibly 'undefined'.
app/workflows/[templateId]/runs/[runActionId]/components/WorkflowRunStepCard.tsx(85,56): error TS18048: 'config' is possibly 'undefined'.
app/workflows/[templateId]/runs/[runActionId]/components/WorkflowRunStepCard.tsx(91,39): error TS18048: 'config' is possibly 'undefined'.
app/workflows/[templateId]/runs/[runActionId]/page.tsx(101,8): error TS2739: Type '{ children: Element; title: string; }' is missing the following properties from type '{ title: any; subtitle: any; breadcrumbs: any; actions: any; maturity: any; children: any; }': subtitle, breadcrumbs, actions, maturity
app/workflows/[templateId]/runs/[runActionId]/page.tsx(109,8): error TS2739: Type '{ children: Element; title: string; }' is missing the following properties from type '{ title: any; subtitle: any; breadcrumbs: any; actions: any; maturity: any; children: any; }': subtitle, breadcrumbs, actions, maturity
app/workflows/[templateId]/runs/[runActionId]/page.tsx(122,8): error TS2739: Type '{ children: Element; title: string; }' is missing the following properties from type '{ title: any; subtitle: any; breadcrumbs: any; actions: any; maturity: any; children: any; }': subtitle, breadcrumbs, actions, maturity
app/workflows/[templateId]/runs/[runActionId]/page.tsx(134,6): error TS2739: Type '{ children: Element; title: any; maturity: string; }' is missing the following properties from type '{ title: any; subtitle: any; breadcrumbs: any; actions: any; maturity: any; children: any; }': subtitle, breadcrumbs, actions
app/workflows/components/WorkflowAiDraftPanel.tsx(94,32): error TS7006: Parameter 'option' implicitly has an 'any' type.
app/workflows/components/WorkflowStepBuilder.tsx(42,38): error TS2345: Argument of type '{ id: string; type: any; name: string; config: { collection_id: any; query: any; top_k: any; capability_id?: undefined; body?: undefined; prompt_template?: undefined; system_prompt?: undefined; max_tokens?: undefined; temperature?: undefined; } | { ...; } | { ...; } | { ...; }; } | undefined' is not assignable to parameter of type '{ id: string; type: any; name: string; config: { collection_id: any; query: any; top_k: any; capability_id?: undefined; body?: undefined; prompt_template?: undefined; system_prompt?: undefined; max_tokens?: undefined; temperature?: undefined; } | { ...; } | { ...; } | { ...; }; }'.
  Type 'undefined' is not assignable to type '{ id: string; type: any; name: string; config: { collection_id: any; query: any; top_k: any; capability_id?: undefined; body?: undefined; prompt_template?: undefined; system_prompt?: undefined; max_tokens?: undefined; temperature?: undefined; } | { ...; } | { ...; } | { ...; }; }'.
app/workflows/components/WorkflowStepBuilder.tsx(51,16): error TS18048: 'step' is possibly 'undefined'.
app/workflows/components/WorkflowStepBuilder.tsx(52,41): error TS18048: 'step' is possibly 'undefined'.
app/workflows/page.tsx(201,59): error TS2532: Object is possibly 'undefined'.
