app/components/ActivityTimeline.tsx(147,5): error TS2532: Object is possibly 'undefined'.
app/components/AgentFilterDropdown.tsx(21,37): error TS2554: Expected 0 arguments, but got 1.
app/components/DraggableDashboard.tsx(246,12): error TS2322: Type 'RefObject<HTMLDivElement | null>' is not assignable to type 'LegacyRef<HTMLDivElement> | undefined'.
  Type 'RefObject<HTMLDivElement | null>' is not assignable to type 'RefObject<HTMLDivElement>'.
    Type 'HTMLDivElement | null' is not assignable to type 'HTMLDivElement'.
      Type 'null' is not assignable to type 'HTMLDivElement'.
app/components/DraggableDashboard.tsx(257,13): error TS2322: Type '{ children: Element[]; key: string; layouts: Record<string, any[]>; breakpoints: { lg: number; md: number; sm: number; }; cols: { lg: number; md: number; sm: number; }; rowHeight: number; ... 9 more ...; onLayoutChange: (_currentLayout: any, allLayouts: any) => void; }' is not assignable to type 'IntrinsicAttributes & ResponsiveGridLayoutProps<string>'.
  Property 'compactType' does not exist on type 'IntrinsicAttributes & ResponsiveGridLayoutProps<string>'.
app/components/UseCases.tsx(63,44): error TS2532: Object is possibly 'undefined'.
app/components/UseCases.tsx(65,22): error TS18048: 'active' is possibly 'undefined'.
app/components/UseCases.tsx(121,33): error TS18048: 'active' is possibly 'undefined'.
app/components/UseCases.tsx(122,44): error TS18048: 'active' is possibly 'undefined'.
app/components/UseCases.tsx(130,83): error TS18048: 'active' is possibly 'undefined'.
app/components/UseCases.tsx(131,80): error TS18048: 'active' is possibly 'undefined'.
app/components/UseCases.tsx(136,22): error TS18048: 'active' is possibly 'undefined'.
app/components/UseCases.tsx(142,75): error TS18048: 'active' is possibly 'undefined'.
app/components/WorkflowEditor.tsx(56,21): error TS18048: 'colors' is possibly 'undefined'.
app/components/WorkflowEditor.tsx(57,32): error TS18048: 'colors' is possibly 'undefined'.
app/components/WorkflowEditor.tsx(64,75): error TS18048: 'colors' is possibly 'undefined'.
app/components/WorkflowEditor.tsx(66,10): error TS18048: 'colors' is possibly 'undefined'.
app/components/WorkflowEditor.tsx(76,76): error TS18048: 'colors' is possibly 'undefined'.
app/components/WorkflowEditor.tsx(150,15): error TS2532: Object is possibly 'undefined'.
app/scoring/page.tsx(767,19): error TS2322: Type '{ add: number; condition?: string | undefined; }' is not assignable to type 'RiskRule'.
  Types of property 'condition' are incompatible.
    Type 'string | undefined' is not assignable to type 'string'.
      Type 'undefined' is not assignable to type 'string'.
app/swarm/page.tsx(941,24): error TS2345: Argument of type 'string | undefined' is not assignable to parameter of type 'string'.
  Type 'undefined' is not assignable to type 'string'.
app/workflows/components/WorkflowStepBuilder.tsx(42,38): error TS2345: Argument of type '{ id: string; type: any; name: string; config: { collection_id: any; query: any; top_k: any; capability_id?: undefined; body?: undefined; prompt_template?: undefined; system_prompt?: undefined; max_tokens?: undefined; temperature?: undefined; } | { ...; } | { ...; } | { ...; }; } | undefined' is not assignable to parameter of type '{ id: string; type: any; name: string; config: { collection_id: any; query: any; top_k: any; capability_id?: undefined; body?: undefined; prompt_template?: undefined; system_prompt?: undefined; max_tokens?: undefined; temperature?: undefined; } | { ...; } | { ...; } | { ...; }; }'.
  Type 'undefined' is not assignable to type '{ id: string; type: any; name: string; config: { collection_id: any; query: any; top_k: any; capability_id?: undefined; body?: undefined; prompt_template?: undefined; system_prompt?: undefined; max_tokens?: undefined; temperature?: undefined; } | { ...; } | { ...; } | { ...; }; }'.
