app/activity/page.tsx(46,3): error TS2322: Type 'ForwardRefExoticComponent<Omit<LucideProps, "ref"> & RefAttributes<SVGSVGElement>>' is not assignable to type 'ComponentType<{ size?: number | undefined; className?: string | undefined; 'aria-hidden'?: boolean | "true" | "false" | undefined; }>'.
  Type 'ForwardRefExoticComponent<Omit<LucideProps, "ref"> & RefAttributes<SVGSVGElement>>' is not assignable to type 'FunctionComponent<{ size?: number | undefined; className?: string | undefined; 'aria-hidden'?: boolean | "true" | "false" | undefined; }>'.
    Types of property 'propTypes' are incompatible.
      Type 'WeakValidationMap<Omit<LucideProps, "ref"> & RefAttributes<SVGSVGElement>> | undefined' is not assignable to type 'WeakValidationMap<{ size?: number | undefined; className?: string | undefined; 'aria-hidden'?: boolean | "true" | "false" | undefined; }> | undefined'.
        Type 'WeakValidationMap<Omit<LucideProps, "ref"> & RefAttributes<SVGSVGElement>>' is not assignable to type 'WeakValidationMap<{ size?: number | undefined; className?: string | undefined; 'aria-hidden'?: boolean | "true" | "false" | undefined; }>'.
          Types of property 'size' are incompatible.
            Type 'Validator<string | number | null | undefined> | undefined' is not assignable to type 'Validator<number | null | undefined> | undefined'.
              Type 'Validator<string | number | null | undefined>' is not assignable to type 'Validator<number | null | undefined>'.
                Type 'string | number | null | undefined' is not assignable to type 'number | null | undefined'.
                  Type 'string' is not assignable to type 'number'.
app/activity/page.tsx(47,3): error TS2322: Type 'ForwardRefExoticComponent<Omit<LucideProps, "ref"> & RefAttributes<SVGSVGElement>>' is not assignable to type 'ComponentType<{ size?: number | undefined; className?: string | undefined; 'aria-hidden'?: boolean | "true" | "false" | undefined; }>'.
  Type 'ForwardRefExoticComponent<Omit<LucideProps, "ref"> & RefAttributes<SVGSVGElement>>' is not assignable to type 'FunctionComponent<{ size?: number | undefined; className?: string | undefined; 'aria-hidden'?: boolean | "true" | "false" | undefined; }>'.
    Types of property 'propTypes' are incompatible.
      Type 'WeakValidationMap<Omit<LucideProps, "ref"> & RefAttributes<SVGSVGElement>> | undefined' is not assignable to type 'WeakValidationMap<{ size?: number | undefined; className?: string | undefined; 'aria-hidden'?: boolean | "true" | "false" | undefined; }> | undefined'.
        Type 'WeakValidationMap<Omit<LucideProps, "ref"> & RefAttributes<SVGSVGElement>>' is not assignable to type 'WeakValidationMap<{ size?: number | undefined; className?: string | undefined; 'aria-hidden'?: boolean | "true" | "false" | undefined; }>'.
          Types of property 'size' are incompatible.
            Type 'Validator<string | number | null | undefined> | undefined' is not assignable to type 'Validator<number | null | undefined> | undefined'.
              Type 'Validator<string | number | null | undefined>' is not assignable to type 'Validator<number | null | undefined>'.
                Type 'string | number | null | undefined' is not assignable to type 'number | null | undefined'.
                  Type 'string' is not assignable to type 'number'.
app/activity/page.tsx(48,3): error TS2322: Type 'ForwardRefExoticComponent<Omit<LucideProps, "ref"> & RefAttributes<SVGSVGElement>>' is not assignable to type 'ComponentType<{ size?: number | undefined; className?: string | undefined; 'aria-hidden'?: boolean | "true" | "false" | undefined; }>'.
  Type 'ForwardRefExoticComponent<Omit<LucideProps, "ref"> & RefAttributes<SVGSVGElement>>' is not assignable to type 'FunctionComponent<{ size?: number | undefined; className?: string | undefined; 'aria-hidden'?: boolean | "true" | "false" | undefined; }>'.
    Types of property 'propTypes' are incompatible.
      Type 'WeakValidationMap<Omit<LucideProps, "ref"> & RefAttributes<SVGSVGElement>> | undefined' is not assignable to type 'WeakValidationMap<{ size?: number | undefined; className?: string | undefined; 'aria-hidden'?: boolean | "true" | "false" | undefined; }> | undefined'.
        Type 'WeakValidationMap<Omit<LucideProps, "ref"> & RefAttributes<SVGSVGElement>>' is not assignable to type 'WeakValidationMap<{ size?: number | undefined; className?: string | undefined; 'aria-hidden'?: boolean | "true" | "false" | undefined; }>'.
          Types of property 'size' are incompatible.
            Type 'Validator<string | number | null | undefined> | undefined' is not assignable to type 'Validator<number | null | undefined> | undefined'.
              Type 'Validator<string | number | null | undefined>' is not assignable to type 'Validator<number | null | undefined>'.
                Type 'string | number | null | undefined' is not assignable to type 'number | null | undefined'.
                  Type 'string' is not assignable to type 'number'.
app/activity/page.tsx(49,3): error TS2322: Type 'ForwardRefExoticComponent<Omit<LucideProps, "ref"> & RefAttributes<SVGSVGElement>>' is not assignable to type 'ComponentType<{ size?: number | undefined; className?: string | undefined; 'aria-hidden'?: boolean | "true" | "false" | undefined; }>'.
  Type 'ForwardRefExoticComponent<Omit<LucideProps, "ref"> & RefAttributes<SVGSVGElement>>' is not assignable to type 'FunctionComponent<{ size?: number | undefined; className?: string | undefined; 'aria-hidden'?: boolean | "true" | "false" | undefined; }>'.
    Types of property 'propTypes' are incompatible.
      Type 'WeakValidationMap<Omit<LucideProps, "ref"> & RefAttributes<SVGSVGElement>> | undefined' is not assignable to type 'WeakValidationMap<{ size?: number | undefined; className?: string | undefined; 'aria-hidden'?: boolean | "true" | "false" | undefined; }> | undefined'.
        Type 'WeakValidationMap<Omit<LucideProps, "ref"> & RefAttributes<SVGSVGElement>>' is not assignable to type 'WeakValidationMap<{ size?: number | undefined; className?: string | undefined; 'aria-hidden'?: boolean | "true" | "false" | undefined; }>'.
          Types of property 'size' are incompatible.
            Type 'Validator<string | number | null | undefined> | undefined' is not assignable to type 'Validator<number | null | undefined> | undefined'.
              Type 'Validator<string | number | null | undefined>' is not assignable to type 'Validator<number | null | undefined>'.
                Type 'string | number | null | undefined' is not assignable to type 'number | null | undefined'.
                  Type 'string' is not assignable to type 'number'.
app/approvals/page.tsx(116,19): error TS2322: Type 'ForwardRefExoticComponent<Omit<LucideProps, "ref"> & RefAttributes<SVGSVGElement>>' is not assignable to type 'ComponentType<{ size?: number | undefined; className?: string | undefined; }>'.
  Type 'ForwardRefExoticComponent<Omit<LucideProps, "ref"> & RefAttributes<SVGSVGElement>>' is not assignable to type 'FunctionComponent<{ size?: number | undefined; className?: string | undefined; }>'.
    Types of property 'propTypes' are incompatible.
      Type 'WeakValidationMap<Omit<LucideProps, "ref"> & RefAttributes<SVGSVGElement>> | undefined' is not assignable to type 'WeakValidationMap<{ size?: number | undefined; className?: string | undefined; }> | undefined'.
        Type 'WeakValidationMap<Omit<LucideProps, "ref"> & RefAttributes<SVGSVGElement>>' is not assignable to type 'WeakValidationMap<{ size?: number | undefined; className?: string | undefined; }>'.
          Types of property 'size' are incompatible.
            Type 'Validator<string | number | null | undefined> | undefined' is not assignable to type 'Validator<number | null | undefined> | undefined'.
              Type 'Validator<string | number | null | undefined>' is not assignable to type 'Validator<number | null | undefined>'.
                Type 'string | number | null | undefined' is not assignable to type 'number | null | undefined'.
                  Type 'string' is not assignable to type 'number'.
app/approvals/page.tsx(121,19): error TS2322: Type 'ForwardRefExoticComponent<Omit<LucideProps, "ref"> & RefAttributes<SVGSVGElement>>' is not assignable to type 'ComponentType<{ size?: number | undefined; className?: string | undefined; }>'.
  Type 'ForwardRefExoticComponent<Omit<LucideProps, "ref"> & RefAttributes<SVGSVGElement>>' is not assignable to type 'FunctionComponent<{ size?: number | undefined; className?: string | undefined; }>'.
    Types of property 'propTypes' are incompatible.
      Type 'WeakValidationMap<Omit<LucideProps, "ref"> & RefAttributes<SVGSVGElement>> | undefined' is not assignable to type 'WeakValidationMap<{ size?: number | undefined; className?: string | undefined; }> | undefined'.
        Type 'WeakValidationMap<Omit<LucideProps, "ref"> & RefAttributes<SVGSVGElement>>' is not assignable to type 'WeakValidationMap<{ size?: number | undefined; className?: string | undefined; }>'.
          Types of property 'size' are incompatible.
            Type 'Validator<string | number | null | undefined> | undefined' is not assignable to type 'Validator<number | null | undefined> | undefined'.
              Type 'Validator<string | number | null | undefined>' is not assignable to type 'Validator<number | null | undefined>'.
                Type 'string | number | null | undefined' is not assignable to type 'number | null | undefined'.
                  Type 'string' is not assignable to type 'number'.
app/capabilities/[capabilityId]/components/CapabilityAccessTab.tsx(223,90): error TS18048: 'pill' is possibly 'undefined'.
app/capabilities/[capabilityId]/components/CapabilityAccessTab.tsx(224,20): error TS18048: 'pill' is possibly 'undefined'.
app/capabilities/[capabilityId]/edit/page.tsx(259,40): error TS2740: Type 'Record<string, any>' is missing the following properties from type 'CapabilityBasicsForm': name, description, category, source_type, and 5 more.
app/capabilities/[capabilityId]/edit/page.tsx(263,19): error TS2739: Type 'Record<string, any>' is missing the following properties from type 'CapabilityRuntime': endpoint, method, timeout_ms, auth, inputFields
app/capabilities/[capabilityId]/edit/page.tsx(281,17): error TS2739: Type 'Record<string, any>' is missing the following properties from type '{ [key: string]: any; name?: string | undefined; source_type: string; risk_level: string; requires_approval: boolean; }': source_type, risk_level, requires_approval
app/capabilities/new/page.tsx(178,40): error TS2740: Type 'Record<string, any>' is missing the following properties from type 'CapabilityBasicsForm': name, description, category, source_type, and 5 more.
app/capabilities/new/page.tsx(182,19): error TS2739: Type 'Record<string, any>' is missing the following properties from type 'CapabilityRuntime': endpoint, method, timeout_ms, auth, inputFields
app/capabilities/new/page.tsx(200,17): error TS2739: Type 'Record<string, any>' is missing the following properties from type '{ [key: string]: any; name?: string | undefined; source_type: string; risk_level: string; requires_approval: boolean; }': source_type, risk_level, requires_approval
app/code-sessions/[projectId]/[sessionId]/OptimalFilesPanel.tsx(101,30): error TS2532: Object is possibly 'undefined'.
app/code-sessions/[projectId]/[sessionId]/OptimalFilesPanel.tsx(101,43): error TS2322: Type 'string | undefined' is not assignable to type 'string'.
  Type 'undefined' is not assignable to type 'string'.
app/code-sessions/[projectId]/[sessionId]/page.tsx(69,42): error TS2345: Argument of type '{ session: Row; messages: Row[]; toolUses: Row[]; }' is not assignable to parameter of type '{ session: any; messages?: never[] | undefined; toolUses?: never[] | undefined; timeoutMs?: null | undefined; }'.
  Types of property 'messages' are incompatible.
    Type 'Row[]' is not assignable to type 'never[]'.
      Type 'Row' is not assignable to type 'never'.
app/code-sessions/[projectId]/[sessionId]/page.tsx(76,5): error TS2365: Operator '+' cannot be applied to types '{}' and '{}'.
app/code-sessions/[projectId]/[sessionId]/page.tsx(78,18): error TS2362: The left-hand side of an arithmetic operation must be of type 'any', 'number', 'bigint' or an enum type.
app/code-sessions/[projectId]/[sessionId]/page.tsx(81,5): error TS2345: Argument of type '{}' is not assignable to parameter of type 'number'.
app/code-sessions/[projectId]/[sessionId]/page.tsx(90,22): error TS2365: Operator '+' cannot be applied to types '{}' and '{}'.
app/code-sessions/[projectId]/[sessionId]/page.tsx(93,37): error TS2362: The left-hand side of an arithmetic operation must be of type 'any', 'number', 'bigint' or an enum type.
app/code-sessions/[projectId]/[sessionId]/page.tsx(134,25): error TS2769: No overload matches this call.
  Overload 1 of 4, '(value: string | number | Date): Date', gave the following error.
    Argument of type '{}' is not assignable to parameter of type 'string | number | Date'.
  Overload 2 of 4, '(value: string | number): Date', gave the following error.
    Argument of type '{}' is not assignable to parameter of type 'string | number'.
app/code-sessions/[projectId]/[sessionId]/page.tsx(134,64): error TS2769: No overload matches this call.
  Overload 1 of 4, '(value: string | number | Date): Date', gave the following error.
    Argument of type '{}' is not assignable to parameter of type 'string | number | Date'.
  Overload 2 of 4, '(value: string | number): Date', gave the following error.
    Argument of type '{}' is not assignable to parameter of type 'string | number'.
app/code-sessions/[projectId]/[sessionId]/page.tsx(184,7): error TS2322: Type 'unknown' is not assignable to type 'ReactNode'.
app/code-sessions/[projectId]/[sessionId]/page.tsx(261,42): error TS2322: Type '{}' is not assignable to type 'ReactNode'.
app/code-sessions/[projectId]/[sessionId]/page.tsx(263,43): error TS2322: Type '{}' is not assignable to type 'ReactNode'.
app/code-sessions/[projectId]/[sessionId]/page.tsx(266,13): error TS2322: Type 'unknown' is not assignable to type 'ReactNode'.
app/code-sessions/[projectId]/[sessionId]/page.tsx(268,35): error TS2769: No overload matches this call.
  Overload 1 of 4, '(value: string | number | Date): Date', gave the following error.
    Argument of type '{}' is not assignable to parameter of type 'string | number | Date'.
  Overload 2 of 4, '(value: string | number): Date', gave the following error.
    Argument of type '{}' is not assignable to parameter of type 'string | number'.
app/code-sessions/[projectId]/[sessionId]/page.tsx(269,17): error TS2322: Type 'unknown' is not assignable to type 'ReactNode'.
app/code-sessions/[projectId]/[sessionId]/page.tsx(269,59): error TS2769: No overload matches this call.
  Overload 1 of 4, '(value: string | number | Date): Date', gave the following error.
    Argument of type '{}' is not assignable to parameter of type 'string | number | Date'.
  Overload 2 of 4, '(value: string | number): Date', gave the following error.
    Argument of type '{}' is not assignable to parameter of type 'string | number'.
app/code-sessions/[projectId]/[sessionId]/page.tsx(348,70): error TS2322: Type 'unknown' is not assignable to type 'ReactNode'.
app/code-sessions/[projectId]/[sessionId]/page.tsx(352,73): error TS2322: Type 'unknown' is not assignable to type 'ReactNode'.
app/compliance/exports/page.tsx(467,38): error TS18048: 'statusConf' is possibly 'undefined'.
app/compliance/exports/page.tsx(476,43): error TS18048: 'statusConf' is possibly 'undefined'.
app/compliance/exports/page.tsx(476,72): error TS18048: 'statusConf' is possibly 'undefined'.
app/components/ActivityTimeline.tsx(147,5): error TS2532: Object is possibly 'undefined'.
app/components/AgentFilterDropdown.tsx(21,37): error TS2554: Expected 0 arguments, but got 1.
app/components/ContextCard.tsx(130,16): error TS2322: Type 'MutableRefObject<HTMLElement | null>' is not assignable to type 'LegacyRef<HTMLDivElement> | undefined'.
  Type 'MutableRefObject<HTMLElement | null>' is not assignable to type 'RefObject<HTMLDivElement>'.
    Types of property 'current' are incompatible.
      Type 'HTMLElement | null' is not assignable to type 'HTMLDivElement | null'.
        Property 'align' is missing in type 'HTMLElement' but required in type 'HTMLDivElement'.
app/components/DraggableDashboard.tsx(246,12): error TS2322: Type 'RefObject<HTMLDivElement | null>' is not assignable to type 'LegacyRef<HTMLDivElement> | undefined'.
  Type 'RefObject<HTMLDivElement | null>' is not assignable to type 'RefObject<HTMLDivElement>'.
    Type 'HTMLDivElement | null' is not assignable to type 'HTMLDivElement'.
      Type 'null' is not assignable to type 'HTMLDivElement'.
app/components/DraggableDashboard.tsx(257,13): error TS2322: Type '{ children: Element[]; key: string; layouts: Record<string, any[]>; breakpoints: { lg: number; md: number; sm: number; }; cols: { lg: number; md: number; sm: number; }; rowHeight: number; ... 9 more ...; onLayoutChange: (_currentLayout: any, allLayouts: any) => void; }' is not assignable to type 'IntrinsicAttributes & ResponsiveGridLayoutProps<string>'.
  Property 'compactType' does not exist on type 'IntrinsicAttributes & ResponsiveGridLayoutProps<string>'.
app/components/DriftCard.tsx(42,32): error TS2322: Type '{ children: Element[]; className: string; ref: MutableRefObject<HTMLElement | null>; }' is not assignable to type 'IntrinsicAttributes & CardProps'.
  Property 'ref' does not exist on type 'IntrinsicAttributes & CardProps'.
app/components/DriftCard.tsx(52,30): error TS2322: Type '{ children: Element[]; className: string; ref: MutableRefObject<HTMLElement | null>; }' is not assignable to type 'IntrinsicAttributes & CardProps'.
  Property 'ref' does not exist on type 'IntrinsicAttributes & CardProps'.
app/components/EvalScoreCard.tsx(51,32): error TS2322: Type '{ children: Element[]; className: string; ref: MutableRefObject<HTMLElement | null>; }' is not assignable to type 'IntrinsicAttributes & CardProps'.
  Property 'ref' does not exist on type 'IntrinsicAttributes & CardProps'.
app/components/EvalScoreCard.tsx(64,30): error TS2322: Type '{ children: Element[]; className: string; ref: MutableRefObject<HTMLElement | null>; }' is not assignable to type 'IntrinsicAttributes & CardProps'.
  Property 'ref' does not exist on type 'IntrinsicAttributes & CardProps'.
app/components/IntegrationsCard.tsx(150,16): error TS2322: Type 'MutableRefObject<HTMLElement | null>' is not assignable to type 'LegacyRef<HTMLDivElement> | undefined'.
  Type 'MutableRefObject<HTMLElement | null>' is not assignable to type 'RefObject<HTMLDivElement>'.
    Types of property 'current' are incompatible.
      Type 'HTMLElement | null' is not assignable to type 'HTMLDivElement | null'.
        Property 'align' is missing in type 'HTMLElement' but required in type 'HTMLDivElement'.
app/components/LiveDemo.tsx(85,44): error TS2532: Object is possibly 'undefined'.
app/components/OpenLoopsCard.tsx(155,14): error TS2322: Type 'MutableRefObject<HTMLElement | null>' is not assignable to type 'LegacyRef<HTMLDivElement> | undefined'.
  Type 'MutableRefObject<HTMLElement | null>' is not assignable to type 'RefObject<HTMLDivElement>'.
    Types of property 'current' are incompatible.
      Type 'HTMLElement | null' is not assignable to type 'HTMLDivElement | null'.
        Property 'align' is missing in type 'HTMLElement' but required in type 'HTMLDivElement'.
app/components/ProjectsCard.tsx(160,14): error TS2322: Type 'MutableRefObject<HTMLElement | null>' is not assignable to type 'LegacyRef<HTMLDivElement> | undefined'.
  Type 'MutableRefObject<HTMLElement | null>' is not assignable to type 'RefObject<HTMLDivElement>'.
    Types of property 'current' are incompatible.
      Type 'HTMLElement | null' is not assignable to type 'HTMLDivElement | null'.
        Property 'align' is missing in type 'HTMLElement' but required in type 'HTMLDivElement'.
app/components/PromptStatsCard.tsx(49,32): error TS2322: Type '{ children: Element[]; className: string; ref: MutableRefObject<HTMLElement | null>; }' is not assignable to type 'IntrinsicAttributes & CardProps'.
  Property 'ref' does not exist on type 'IntrinsicAttributes & CardProps'.
app/components/PromptStatsCard.tsx(63,30): error TS2322: Type '{ children: Element[]; className: string; ref: MutableRefObject<HTMLElement | null>; }' is not assignable to type 'IntrinsicAttributes & CardProps'.
  Property 'ref' does not exist on type 'IntrinsicAttributes & CardProps'.
app/components/RecentActionsCard.tsx(186,14): error TS2322: Type 'MutableRefObject<HTMLElement | null>' is not assignable to type 'LegacyRef<HTMLDivElement> | undefined'.
  Type 'MutableRefObject<HTMLElement | null>' is not assignable to type 'RefObject<HTMLDivElement>'.
    Types of property 'current' are incompatible.
      Type 'HTMLElement | null' is not assignable to type 'HTMLDivElement | null'.
        Property 'align' is missing in type 'HTMLElement' but required in type 'HTMLDivElement'.
app/components/RecentMessagesCard.tsx(96,14): error TS2322: Type 'MutableRefObject<HTMLElement | null>' is not assignable to type 'LegacyRef<HTMLDivElement> | undefined'.
  Type 'MutableRefObject<HTMLElement | null>' is not assignable to type 'RefObject<HTMLDivElement>'.
    Types of property 'current' are incompatible.
      Type 'HTMLElement | null' is not assignable to type 'HTMLDivElement | null'.
        Property 'align' is missing in type 'HTMLElement' but required in type 'HTMLDivElement'.
app/components/RiskSignalsCard.tsx(94,14): error TS2322: Type 'MutableRefObject<HTMLElement | null>' is not assignable to type 'LegacyRef<HTMLDivElement> | undefined'.
  Type 'MutableRefObject<HTMLElement | null>' is not assignable to type 'RefObject<HTMLDivElement>'.
    Types of property 'current' are incompatible.
      Type 'HTMLElement | null' is not assignable to type 'HTMLDivElement | null'.
        Property 'align' is missing in type 'HTMLElement' but required in type 'HTMLDivElement'.
app/components/SecurityDetailPanel.tsx(228,9): error TS18048: 'last' is possibly 'undefined'.
app/components/SecurityDetailPanel.tsx(231,9): error TS18048: 'first' is possibly 'undefined'.
app/components/TrackedLink.tsx(29,6): error TS2741: Property 'href' is missing in type '{ children: ReactNode; onClick: (e: MouseEvent<HTMLAnchorElement, MouseEvent>) => void; }' but required in type 'LinkProps<any>'.
app/components/UseCases.tsx(63,44): error TS2532: Object is possibly 'undefined'.
app/components/UseCases.tsx(65,22): error TS18048: 'active' is possibly 'undefined'.
app/components/UseCases.tsx(121,33): error TS18048: 'active' is possibly 'undefined'.
app/components/UseCases.tsx(122,44): error TS18048: 'active' is possibly 'undefined'.
app/components/UseCases.tsx(130,83): error TS18048: 'active' is possibly 'undefined'.
app/components/UseCases.tsx(131,80): error TS18048: 'active' is possibly 'undefined'.
app/components/UseCases.tsx(136,22): error TS18048: 'active' is possibly 'undefined'.
app/components/UseCases.tsx(142,75): error TS18048: 'active' is possibly 'undefined'.
app/components/VelocityCard.tsx(47,32): error TS2322: Type '{ children: Element[]; className: string; ref: MutableRefObject<HTMLElement | null>; }' is not assignable to type 'IntrinsicAttributes & CardProps'.
  Property 'ref' does not exist on type 'IntrinsicAttributes & CardProps'.
app/components/VelocityCard.tsx(57,30): error TS2322: Type '{ children: Element[]; className: string; ref: MutableRefObject<HTMLElement | null>; }' is not assignable to type 'IntrinsicAttributes & CardProps'.
  Property 'ref' does not exist on type 'IntrinsicAttributes & CardProps'.
app/components/WorkflowEditor.tsx(56,21): error TS18048: 'colors' is possibly 'undefined'.
app/components/WorkflowEditor.tsx(57,32): error TS18048: 'colors' is possibly 'undefined'.
app/components/WorkflowEditor.tsx(64,75): error TS18048: 'colors' is possibly 'undefined'.
app/components/WorkflowEditor.tsx(66,10): error TS18048: 'colors' is possibly 'undefined'.
app/components/WorkflowEditor.tsx(76,76): error TS18048: 'colors' is possibly 'undefined'.
app/components/WorkflowEditor.tsx(150,15): error TS2532: Object is possibly 'undefined'.
app/learning/analytics/page.tsx(45,48): error TS18048: 'conf' is possibly 'undefined'.
app/learning/analytics/page.tsx(47,23): error TS18048: 'conf' is possibly 'undefined'.
app/messages/_components/ComposeModal.tsx(14,35): error TS2345: Argument of type 'string | undefined' is not assignable to parameter of type 'string | PromiseLike<string>'.
  Type 'undefined' is not assignable to type 'string | PromiseLike<string>'.
app/messages/_components/ThreadConversation.tsx(140,34): error TS2345: Argument of type 'string | undefined' is not assignable to parameter of type 'string | PromiseLike<string>'.
  Type 'undefined' is not assignable to type 'string | PromiseLike<string>'.
app/mission-control/components/OperationsFeedItem.tsx(53,84): error TS18048: 'pill' is possibly 'undefined'.
app/mission-control/components/OperationsFeedItem.tsx(54,14): error TS18048: 'pill' is possibly 'undefined'.
app/mission-control/page.tsx(288,48): error TS2339: Property 'agent_id' does not exist on type 'never'.
app/mission-control/page.tsx(288,82): error TS2339: Property 'agent_id' does not exist on type 'never'.
app/mission-control/page.tsx(288,97): error TS2339: Property 'status' does not exist on type 'never'.
app/mission-control/page.tsx(288,124): error TS2339: Property 'status' does not exist on type 'never'.
app/mission-control/page.tsx(289,48): error TS2339: Property 'agent_id' does not exist on type 'never'.
app/mission-control/page.tsx(289,82): error TS2339: Property 'agent_id' does not exist on type 'never'.
app/mission-control/page.tsx(289,97): error TS2339: Property 'status' does not exist on type 'never'.
app/mission-control/page.tsx(289,124): error TS2339: Property 'status' does not exist on type 'never'.
app/mission-control/page.tsx(326,110): error TS2339: Property 'pulse' does not exist on type '{ label: string; color: string; bg: string; border: string; dot: string; }'.
app/mission-control/page.tsx(538,65): error TS2339: Property 'agent_id' does not exist on type 'never'.
app/mission-control/page.tsx(539,77): error TS2339: Property 'agent_id' does not exist on type 'never'.
app/mission-control/page.tsx(539,96): error TS2339: Property 'status' does not exist on type 'never'.
app/mission-control/page.tsx(539,127): error TS2339: Property 'status' does not exist on type 'never'.
app/mission-control/page.tsx(542,34): error TS2339: Property 'agent_id' does not exist on type 'never'.
app/mission-control/page.tsx(543,65): error TS2339: Property 'agent_id' does not exist on type 'never'.
app/mission-control/page.tsx(548,32): error TS2339: Property 'name' does not exist on type 'never'.
app/mission-control/page.tsx(548,46): error TS2339: Property 'agent_id' does not exist on type 'never'.
app/mission-control/page.tsx(567,29): error TS2322: Type 'null' is not assignable to type 'string | undefined'.
app/mission-control/page.tsx(585,23): error TS2322: Type 'null' is not assignable to type 'string | undefined'.
app/model-strategies/components/ModelStrategyAdvancedSection.tsx(139,56): error TS2345: Argument of type '"model_strategies"' is not assignable to parameter of type 'null | undefined'.
app/model-strategies/components/ModelStrategyAdvancedSection.tsx(154,50): error TS2345: Argument of type '"model_strategies"' is not assignable to parameter of type 'null | undefined'.
app/model-strategies/components/ModelStrategyExecutionSection.tsx(120,54): error TS2345: Argument of type '"model_strategies"' is not assignable to parameter of type 'null | undefined'.
app/model-strategies/components/ModelStrategyExecutionSection.tsx(131,60): error TS2345: Argument of type '"model_strategies"' is not assignable to parameter of type 'null | undefined'.
app/model-strategies/components/ModelStrategyExecutionSection.tsx(157,69): error TS2345: Argument of type '"model_strategies"' is not assignable to parameter of type 'null | undefined'.
app/policies/components/CustomTab.tsx(363,101): error TS2532: Object is possibly 'undefined'.
app/policies/components/CustomTab.tsx(369,65): error TS2532: Object is possibly 'undefined'.
app/scoring/page.tsx(488,21): error TS2322: Type '{ name: string; id?: string; data_source?: string | undefined; weight?: number | undefined; scale?: any[]; data_config?: Record<string, any>; }' is not assignable to type 'ScoringDimension'.
  Types of property 'data_source' are incompatible.
    Type 'string | undefined' is not assignable to type 'string'.
      Type 'undefined' is not assignable to type 'string'.
app/scoring/page.tsx(493,21): error TS2322: Type '{ data_source: string; id?: string; name?: string | undefined; weight?: number | undefined; scale?: any[]; data_config?: Record<string, any>; }' is not assignable to type 'ScoringDimension'.
  Types of property 'name' are incompatible.
    Type 'string | undefined' is not assignable to type 'string'.
      Type 'undefined' is not assignable to type 'string'.
app/scoring/page.tsx(503,25): error TS2322: Type '{ weight: number; id?: string; name?: string | undefined; data_source?: string | undefined; scale?: any[]; data_config?: Record<string, any>; }' is not assignable to type 'ScoringDimension'.
  Types of property 'name' are incompatible.
    Type 'string | undefined' is not assignable to type 'string'.
      Type 'undefined' is not assignable to type 'string'.
app/scoring/page.tsx(626,80): error TS2345: Argument of type 'ScoringDimension | undefined' is not assignable to parameter of type 'ScoringDimension'.
  Type 'undefined' is not assignable to type 'ScoringDimension'.
app/scoring/page.tsx(760,19): error TS2322: Type '{ condition: string; add?: number | undefined; }' is not assignable to type 'RiskRule'.
  Types of property 'add' are incompatible.
    Type 'number | undefined' is not assignable to type 'number'.
      Type 'undefined' is not assignable to type 'number'.
app/scoring/page.tsx(767,19): error TS2322: Type '{ add: number; condition?: string | undefined; }' is not assignable to type 'RiskRule'.
  Types of property 'condition' are incompatible.
    Type 'string | undefined' is not assignable to type 'string'.
      Type 'undefined' is not assignable to type 'string'.
app/sessions/[sessionId]/page.tsx(287,83): error TS2532: Object is possibly 'undefined'.
app/settings/components/ProofPanel.tsx(62,10): error TS18048: 'counts.warn' is possibly 'undefined'.
app/settings/components/ProofPanel.tsx(67,10): error TS18048: 'counts.info' is possibly 'undefined'.
app/settings/page.tsx(55,9): error TS2353: Object literal may only specify known properties, and 'sql' does not exist in type '{ env?: ProcessEnv | undefined; }'.
app/settings/page.tsx(65,5): error TS2322: Type '{ onboarding_required: boolean; steps: any; org_id: string; user_name: null; } | { onboarding_required: boolean; steps: { workspace_created: boolean; api_key_exists: boolean; first_action_sent: boolean; }; org_id: any; user_name: any; } | null' is not assignable to type 'null | undefined'.
  Type '{ onboarding_required: boolean; steps: any; org_id: string; user_name: null; }' is not assignable to type 'null | undefined'.
app/settings/page.tsx(261,19): error TS2322: Type '{}' is not assignable to type 'string'.
app/settings/page.tsx(266,19): error TS2322: Type '{}' is not assignable to type 'string'.
app/swarm/useForceSimulation.ts(4,21): error TS7016: Could not find a declaration file for module 'd3-force'. 'C:/Projects/DashClaw/node_modules/d3-force/src/index.js' implicitly has an 'any' type.
  Try `npm i --save-dev @types/d3-force` if it exists or add a new declaration (.d.ts) file containing `declare module 'd3-force';`
app/webhooks/page.tsx(214,53): error TS7053: Element implicitly has an 'any' type because expression of type 'any' can't be used to index type '{ wh_01: { id: string; event_type: string; status: string; response_status: number; attempted_at: string; duration_ms: number; }[]; wh_02: { id: string; event_type: string; status: string; response_status: number; attempted_at: string; duration_ms: number; }[]; wh_03: { ...; }[]; }'.
app/workflows/[templateId]/runs/[runActionId]/components/WorkflowRunHeader.tsx(44,83): error TS18048: 'badge' is possibly 'undefined'.
app/workflows/[templateId]/runs/[runActionId]/components/WorkflowRunHeader.tsx(45,14): error TS18048: 'badge' is possibly 'undefined'.
app/workflows/[templateId]/runs/[runActionId]/components/WorkflowRunStepCard.tsx(77,16): error TS18048: 'config' is possibly 'undefined'.
app/workflows/[templateId]/runs/[runActionId]/components/WorkflowRunStepCard.tsx(85,56): error TS18048: 'config' is possibly 'undefined'.
app/workflows/[templateId]/runs/[runActionId]/components/WorkflowRunStepCard.tsx(91,39): error TS18048: 'config' is possibly 'undefined'.
app/workflows/components/WorkflowAiDraftPanel.tsx(94,32): error TS7006: Parameter 'option' implicitly has an 'any' type.
app/workflows/components/WorkflowStepBuilder.tsx(42,38): error TS2345: Argument of type '{ id: string; type: any; name: string; config: { collection_id: any; query: any; top_k: any; capability_id?: undefined; body?: undefined; prompt_template?: undefined; system_prompt?: undefined; max_tokens?: undefined; temperature?: undefined; } | { ...; } | { ...; } | { ...; }; } | undefined' is not assignable to parameter of type '{ id: string; type: any; name: string; config: { collection_id: any; query: any; top_k: any; capability_id?: undefined; body?: undefined; prompt_template?: undefined; system_prompt?: undefined; max_tokens?: undefined; temperature?: undefined; } | { ...; } | { ...; } | { ...; }; }'.
  Type 'undefined' is not assignable to type '{ id: string; type: any; name: string; config: { collection_id: any; query: any; top_k: any; capability_id?: undefined; body?: undefined; prompt_template?: undefined; system_prompt?: undefined; max_tokens?: undefined; temperature?: undefined; } | { ...; } | { ...; } | { ...; }; }'.
app/workflows/components/WorkflowStepBuilder.tsx(51,16): error TS18048: 'step' is possibly 'undefined'.
app/workflows/components/WorkflowStepBuilder.tsx(52,41): error TS18048: 'step' is possibly 'undefined'.
app/workflows/page.tsx(201,59): error TS2532: Object is possibly 'undefined'.
